mode: atomic
github.com/NicolasCunha/flgr/flgr-server/internal/api/handler/health.go:10.29,12.2 1 1
github.com/NicolasCunha/flgr/flgr-server/internal/api/router.go:12.30,19.2 4 1
github.com/NicolasCunha/flgr/flgr-server/internal/config/config.go:27.30,39.39 3 5
github.com/NicolasCunha/flgr/flgr-server/internal/config/config.go:39.39,41.3 1 2
github.com/NicolasCunha/flgr/flgr-server/internal/config/config.go:43.2,43.17 1 3
github.com/NicolasCunha/flgr/flgr-server/internal/config/config.go:46.35,47.20 1 5
github.com/NicolasCunha/flgr/flgr-server/internal/config/config.go:47.20,49.3 1 1
github.com/NicolasCunha/flgr/flgr-server/internal/config/config.go:50.2,50.27 1 4
github.com/NicolasCunha/flgr/flgr-server/internal/config/config.go:50.27,52.3 1 1
github.com/NicolasCunha/flgr/flgr-server/internal/config/config.go:53.2,53.12 1 3
github.com/NicolasCunha/flgr/flgr-server/internal/config/config.go:56.43,57.34 1 10
github.com/NicolasCunha/flgr/flgr-server/internal/config/config.go:57.34,59.3 1 2
github.com/NicolasCunha/flgr/flgr-server/internal/config/config.go:60.2,60.12 1 8
github.com/NicolasCunha/flgr/flgr-server/internal/config/config.go:63.50,65.13 2 5
github.com/NicolasCunha/flgr/flgr-server/internal/config/config.go:65.13,67.3 1 3
github.com/NicolasCunha/flgr/flgr-server/internal/config/config.go:68.2,69.16 2 2
github.com/NicolasCunha/flgr/flgr-server/internal/config/config.go:69.16,71.3 1 1
github.com/NicolasCunha/flgr/flgr-server/internal/config/config.go:72.2,72.10 1 1
github.com/NicolasCunha/flgr/flgr-server/internal/database/database.go:22.41,24.16 2 13
github.com/NicolasCunha/flgr/flgr-server/internal/database/database.go:24.16,26.3 1 1
github.com/NicolasCunha/flgr/flgr-server/internal/database/database.go:28.2,28.34 1 12
github.com/NicolasCunha/flgr/flgr-server/internal/database/database.go:28.34,30.3 1 1
github.com/NicolasCunha/flgr/flgr-server/internal/database/database.go:35.2,35.63 1 11
github.com/NicolasCunha/flgr/flgr-server/internal/database/database.go:35.63,37.3 1 0
github.com/NicolasCunha/flgr/flgr-server/internal/database/database.go:39.2,39.16 1 11
github.com/NicolasCunha/flgr/flgr-server/internal/database/migrate.go:15.54,16.56 1 6
github.com/NicolasCunha/flgr/flgr-server/internal/database/migrate.go:16.56,18.3 1 1
github.com/NicolasCunha/flgr/flgr-server/internal/database/migrate.go:20.2,21.16 2 5
github.com/NicolasCunha/flgr/flgr-server/internal/database/migrate.go:21.16,23.3 1 1
github.com/NicolasCunha/flgr/flgr-server/internal/database/migrate.go:25.2,25.29 1 4
github.com/NicolasCunha/flgr/flgr-server/internal/database/migrate.go:25.29,29.17 3 6
github.com/NicolasCunha/flgr/flgr-server/internal/database/migrate.go:29.17,31.4 1 1
github.com/NicolasCunha/flgr/flgr-server/internal/database/migrate.go:32.3,32.14 1 5
github.com/NicolasCunha/flgr/flgr-server/internal/database/migrate.go:32.14,33.12 1 2
github.com/NicolasCunha/flgr/flgr-server/internal/database/migrate.go:36.3,36.59 1 3
github.com/NicolasCunha/flgr/flgr-server/internal/database/migrate.go:36.59,38.4 1 1
github.com/NicolasCunha/flgr/flgr-server/internal/database/migrate.go:41.2,41.12 1 2
github.com/NicolasCunha/flgr/flgr-server/internal/database/migrate.go:44.52,52.2 2 11
github.com/NicolasCunha/flgr/flgr-server/internal/database/migrate.go:54.53,56.16 2 5
github.com/NicolasCunha/flgr/flgr-server/internal/database/migrate.go:56.16,58.3 1 1
github.com/NicolasCunha/flgr/flgr-server/internal/database/migrate.go:60.2,61.32 2 4
github.com/NicolasCunha/flgr/flgr-server/internal/database/migrate.go:61.32,62.67 1 10
github.com/NicolasCunha/flgr/flgr-server/internal/database/migrate.go:62.67,63.12 1 4
github.com/NicolasCunha/flgr/flgr-server/internal/database/migrate.go:65.3,65.58 1 6
github.com/NicolasCunha/flgr/flgr-server/internal/database/migrate.go:68.2,69.19 2 4
github.com/NicolasCunha/flgr/flgr-server/internal/database/migrate.go:72.58,75.16 3 7
github.com/NicolasCunha/flgr/flgr-server/internal/database/migrate.go:75.16,77.3 1 2
github.com/NicolasCunha/flgr/flgr-server/internal/database/migrate.go:78.2,78.23 1 5
github.com/NicolasCunha/flgr/flgr-server/internal/database/migrate.go:81.61,83.16 2 8
github.com/NicolasCunha/flgr/flgr-server/internal/database/migrate.go:83.16,85.3 1 1
github.com/NicolasCunha/flgr/flgr-server/internal/database/migrate.go:87.2,88.16 2 7
github.com/NicolasCunha/flgr/flgr-server/internal/database/migrate.go:88.16,90.3 1 1
github.com/NicolasCunha/flgr/flgr-server/internal/database/migrate.go:91.2,91.15 1 6
github.com/NicolasCunha/flgr/flgr-server/internal/database/migrate.go:91.15,91.36 1 6
github.com/NicolasCunha/flgr/flgr-server/internal/database/migrate.go:93.2,93.53 1 6
github.com/NicolasCunha/flgr/flgr-server/internal/database/migrate.go:93.53,95.3 1 2
github.com/NicolasCunha/flgr/flgr-server/internal/database/migrate.go:97.2,97.98 1 4
github.com/NicolasCunha/flgr/flgr-server/internal/database/migrate.go:97.98,99.3 1 1
github.com/NicolasCunha/flgr/flgr-server/internal/database/migrate.go:101.2,101.20 1 3
github.com/NicolasCunha/flgr/flgr-server/cmd/server/main.go:20.13,22.16 2 0
github.com/NicolasCunha/flgr/flgr-server/cmd/server/main.go:22.16,24.3 1 0
github.com/NicolasCunha/flgr/flgr-server/cmd/server/main.go:26.2,27.16 2 0
github.com/NicolasCunha/flgr/flgr-server/cmd/server/main.go:27.16,29.3 1 0
github.com/NicolasCunha/flgr/flgr-server/cmd/server/main.go:30.2,30.15 1 0
github.com/NicolasCunha/flgr/flgr-server/cmd/server/main.go:30.15,31.36 1 0
github.com/NicolasCunha/flgr/flgr-server/cmd/server/main.go:31.36,33.4 1 0
github.com/NicolasCunha/flgr/flgr-server/cmd/server/main.go:36.2,36.59 1 0
github.com/NicolasCunha/flgr/flgr-server/cmd/server/main.go:36.59,38.3 1 0
github.com/NicolasCunha/flgr/flgr-server/cmd/server/main.go:40.2,43.55 3 0
github.com/NicolasCunha/flgr/flgr-server/cmd/server/main.go:43.55,45.3 1 0
